Aloitetaan stereo-SLAM (1101 kuvaa)...
Frame 0 valmis. KF=1, loopit=0, kartta=212
Frame 50 valmis. KF=6, loopit=0, kartta=1176
Frame 100 valmis. KF=11, loopit=0, kartta=2395
Frame 150 valmis. KF=16, loopit=0, kartta=3641
Frame 200 valmis. KF=21, loopit=0, kartta=4736
Frame 250 valmis. KF=26, loopit=0, kartta=5106
Frame 300 valmis. KF=31, loopit=0, kartta=5346
Frame 350 valmis. KF=36, loopit=0, kartta=5688
Frame 400 valmis. KF=41, loopit=0, kartta=6026
Frame 450 valmis. KF=46, loopit=0, kartta=6286
Frame 500 valmis. KF=51, loopit=0, kartta=6697
Frame 550 valmis. KF=56, loopit=0, kartta=7237
Frame 600 valmis. KF=61, loopit=0, kartta=7917
Frame 650 valmis. KF=66, loopit=0, kartta=8632
Frame 700 valmis. KF=71, loopit=0, kartta=9154
Frame 750 valmis. KF=76, loopit=0, kartta=9761
Frame 800 valmis. KF=81, loopit=0, kartta=10154
Frame 850 valmis. KF=86, loopit=0, kartta=10550
Frame 900 valmis. KF=91, loopit=0, kartta=11015
Frame 950 valmis. KF=96, loopit=0, kartta=11766
Frame 1000 valmis. KF=101, loopit=0, kartta=12315
Frame 1050 valmis. KF=106, loopit=0, kartta=12786
Frame 1100 valmis. KF=111, loopit=0, kartta=13076
Front-end valmis. Keyframes: 111, loop-sulkeumia: 0, PnP-epäonnistumisia: 0
[seq 01] trajectory saved: /home/pekko/aalto/visual_perception_and_planning_for_autonomous_driving-EEAEV008/slam-project/results/01.txt
[seq 01] Raw stereo VO:      final err  428.41 m, RMSE 282.36 m
[seq 01] Stereo SLAM (+PGO): final err  428.41 m, RMSE 282.36 m
[seq 01] KITTI raw VO:       t_err  14.96 %,  r_err 12.085 deg/km (676 segs)
[seq 01] KITTI SLAM (+PGO):  t_err  14.96 %,  r_err 12.085 deg/km (676 segs)
[seq 01] KITTI per-length (SLAM):
[seq 01]   L= 100 m: t_err  13.42 %,  r_err 16.578 deg/km
[seq 01]   L= 200 m: t_err  13.44 %,  r_err 12.370 deg/km
[seq 01]   L= 300 m: t_err  14.02 %,  r_err 11.715 deg/km
[seq 01]   L= 400 m: t_err  14.83 %,  r_err 11.215 deg/km
[seq 01]   L= 500 m: t_err  15.39 %,  r_err 10.915 deg/km
[seq 01]   L= 600 m: t_err  16.09 %,  r_err 10.886 deg/km
[seq 01]   L= 700 m: t_err  16.74 %,  r_err 10.531 deg/km
[seq 01]   L= 800 m: t_err  17.24 %,  r_err 10.787 deg/km
Lopputulos tallennettu: /home/pekko/aalto/visual_perception_and_planning_for_autonomous_driving-EEAEV008/slam-project/results/01.png
