Aloitetaan stereo-SLAM (4661 kuvaa)...
Frame 0 valmis. KF=1, loopit=0, kartta=162
Frame 50 valmis. KF=6, loopit=0, kartta=953
Frame 100 valmis. KF=11, loopit=0, kartta=2016
Frame 150 valmis. KF=16, loopit=0, kartta=2741
Frame 200 valmis. KF=21, loopit=0, kartta=3303
Frame 250 valmis. KF=26, loopit=0, kartta=3877
Frame 300 valmis. KF=31, loopit=0, kartta=4449
Frame 350 valmis. KF=36, loopit=0, kartta=5118
Frame 400 valmis. KF=41, loopit=0, kartta=6089
Frame 450 valmis. KF=46, loopit=0, kartta=7114
Frame 500 valmis. KF=51, loopit=0, kartta=7766
Frame 550 valmis. KF=56, loopit=0, kartta=8526
Frame 600 valmis. KF=61, loopit=0, kartta=9248
Frame 650 valmis. KF=66, loopit=0, kartta=9972
Frame 700 valmis. KF=71, loopit=0, kartta=10806
Frame 750 valmis. KF=76, loopit=0, kartta=11569
Frame 800 valmis. KF=81, loopit=0, kartta=12442
Frame 850 valmis. KF=86, loopit=0, kartta=13268
Frame 900 valmis. KF=91, loopit=0, kartta=14118
Frame 950 valmis. KF=96, loopit=0, kartta=15010
Frame 1000 valmis. KF=101, loopit=0, kartta=15715
Frame 1050 valmis. KF=106, loopit=0, kartta=16877
Frame 1100 valmis. KF=111, loopit=0, kartta=17783
Frame 1150 valmis. KF=116, loopit=0, kartta=18343
Frame 1200 valmis. KF=121, loopit=0, kartta=18965
Frame 1250 valmis. KF=126, loopit=0, kartta=19788
Frame 1300 valmis. KF=131, loopit=0, kartta=20566
Frame 1350 valmis. KF=136, loopit=0, kartta=21487
Frame 1400 valmis. KF=141, loopit=0, kartta=22171
Frame 1450 valmis. KF=146, loopit=0, kartta=23108
Frame 1500 valmis. KF=151, loopit=0, kartta=24001
Frame 1550 valmis. KF=156, loopit=0, kartta=24889
Frame 1600 valmis. KF=161, loopit=0, kartta=25637
Frame 1650 valmis. KF=166, loopit=0, kartta=26443
Frame 1700 valmis. KF=171, loopit=0, kartta=27327
Frame 1750 valmis. KF=176, loopit=0, kartta=28144
Frame 1800 valmis. KF=181, loopit=0, kartta=29212
Frame 1850 valmis. KF=186, loopit=0, kartta=30105
Frame 1900 valmis. KF=191, loopit=0, kartta=30990
Frame 1950 valmis. KF=196, loopit=0, kartta=31560
Frame 2000 valmis. KF=201, loopit=0, kartta=32317
Frame 2050 valmis. KF=206, loopit=0, kartta=33017
Frame 2100 valmis. KF=211, loopit=0, kartta=33766
Frame 2150 valmis. KF=216, loopit=0, kartta=34545
Frame 2200 valmis. KF=221, loopit=0, kartta=35329
Frame 2250 valmis. KF=226, loopit=0, kartta=36039
Frame 2300 valmis. KF=231, loopit=0, kartta=36633
Frame 2350 valmis. KF=236, loopit=0, kartta=37384
Frame 2400 valmis. KF=241, loopit=0, kartta=38180
Frame 2450 valmis. KF=246, loopit=0, kartta=38838
Frame 2500 valmis. KF=251, loopit=0, kartta=39494
Frame 2550 valmis. KF=256, loopit=0, kartta=40287
Frame 2600 valmis. KF=261, loopit=0, kartta=40937
Frame 2650 valmis. KF=266, loopit=0, kartta=41828
Frame 2700 valmis. KF=271, loopit=0, kartta=42691
Frame 2750 valmis. KF=276, loopit=0, kartta=43586
Frame 2800 valmis. KF=281, loopit=0, kartta=44350
Frame 2850 valmis. KF=286, loopit=0, kartta=45100
Frame 2900 valmis. KF=291, loopit=0, kartta=45754
Frame 2950 valmis. KF=296, loopit=0, kartta=46513
Frame 3000 valmis. KF=301, loopit=0, kartta=47378
Frame 3050 valmis. KF=306, loopit=0, kartta=48157
Frame 3100 valmis. KF=311, loopit=0, kartta=48799
Frame 3150 valmis. KF=316, loopit=0, kartta=49453
Frame 3200 valmis. KF=321, loopit=0, kartta=50491
Frame 3250 valmis. KF=326, loopit=0, kartta=51255
Frame 3300 valmis. KF=331, loopit=0, kartta=52365
Frame 3350 valmis. KF=336, loopit=0, kartta=53688
Frame 3400 valmis. KF=341, loopit=0, kartta=54733
Frame 3450 valmis. KF=346, loopit=0, kartta=55656
Frame 3500 valmis. KF=351, loopit=0, kartta=56541
Frame 3550 valmis. KF=356, loopit=0, kartta=57379
Frame 3600 valmis. KF=361, loopit=0, kartta=58409
Frame 3650 valmis. KF=366, loopit=0, kartta=59090
Frame 3700 valmis. KF=371, loopit=0, kartta=59799
Frame 3750 valmis. KF=376, loopit=0, kartta=60590
Frame 3800 valmis. KF=381, loopit=0, kartta=61215
Frame 3850 valmis. KF=386, loopit=0, kartta=61872
Frame 3900 valmis. KF=391, loopit=0, kartta=62606
Frame 3950 valmis. KF=396, loopit=0, kartta=63342
Frame 4000 valmis. KF=401, loopit=0, kartta=64115
Frame 4050 valmis. KF=406, loopit=0, kartta=64701
Frame 4100 valmis. KF=411, loopit=0, kartta=65285
Frame 4150 valmis. KF=416, loopit=0, kartta=66002
Frame 4200 valmis. KF=421, loopit=0, kartta=66888
Frame 4250 valmis. KF=426, loopit=0, kartta=67614
Frame 4300 valmis. KF=431, loopit=0, kartta=68530
Frame 4350 valmis. KF=436, loopit=0, kartta=69092
  frame 4400: LOOP KF181 <-> KF440 (inliers=78)
    PGO: cost 3163.379 -> 0.005 (298 nfev)
Frame 4400 valmis. KF=441, loopit=1, kartta=69959
  frame 4410: LOOP KF182 <-> KF441 (inliers=200)
    PGO: cost 0.049 -> 0.006 (329 nfev)
  frame 4420: LOOP KF183 <-> KF442 (inliers=119)
    PGO: cost 0.007 -> 0.006 (135 nfev)
  frame 4430: LOOP KF184 <-> KF443 (inliers=117)
  frame 4430: LOOP KF185 <-> KF443 (inliers=100)
    PGO: cost 0.038 -> 0.014 (10 nfev)
  frame 4440: LOOP KF185 <-> KF444 (inliers=115)
  frame 4440: LOOP KF186 <-> KF444 (inliers=118)
    PGO: cost 0.145 -> 0.038 (5 nfev)
  frame 4450: LOOP KF186 <-> KF445 (inliers=110)
  frame 4450: LOOP KF187 <-> KF445 (inliers=72)
    PGO: cost 0.139 -> 0.078 (6 nfev)
Frame 4450 valmis. KF=446, loopit=9, kartta=70842
  frame 4460: LOOP KF187 <-> KF446 (inliers=102)
  frame 4460: LOOP KF188 <-> KF446 (inliers=111)
    PGO: cost 0.464 -> 0.239 (7 nfev)
  frame 4470: LOOP KF188 <-> KF447 (inliers=115)
  frame 4470: LOOP KF189 <-> KF447 (inliers=117)
    PGO: cost 0.370 -> 0.245 (6 nfev)
  frame 4480: LOOP KF189 <-> KF448 (inliers=67)
    PGO: cost 0.302 -> 0.255 (3 nfev)
  frame 4500: LOOP KF192 <-> KF450 (inliers=76)
    PGO: cost 0.315 -> 0.256 (5 nfev)
Frame 4500 valmis. KF=451, loopit=15, kartta=71579
  frame 4550: LOOP KF197 <-> KF455 (inliers=70)
    PGO: cost 2.236 -> 0.258 (7 nfev)
Frame 4550 valmis. KF=456, loopit=16, kartta=72035
  frame 4560: LOOP KF198 <-> KF456 (inliers=204)
  frame 4560: LOOP KF199 <-> KF456 (inliers=85)
    PGO: cost 0.288 -> 0.258 (4 nfev)
  frame 4570: LOOP KF199 <-> KF457 (inliers=107)
    PGO: cost 0.268 -> 0.260 (3 nfev)
Frame 4600 valmis. KF=461, loopit=19, kartta=72914
Frame 4650 valmis. KF=466, loopit=19, kartta=73584
Front-end valmis. Keyframes: 467, loop-sulkeumia: 19, PnP-epäonnistumisia: 0
[seq 02] Raw stereo VO:      final err  227.63 m, RMSE 111.75 m
[seq 02] Stereo SLAM (+PGO): final err  161.01 m, RMSE 107.45 m
Lopputulos tallennettu: /home/pekko/aalto/visual_perception_and_planning_for_autonomous_driving-EEAEV008/slam-project/results/02.png
