Aloitetaan stereo-SLAM (801 kuvaa)...
Frame 0 valmis. KF=1, loopit=0, kartta=162
Frame 50 valmis. KF=6, loopit=0, kartta=784
Frame 100 valmis. KF=11, loopit=0, kartta=1690
Frame 150 valmis. KF=16, loopit=0, kartta=2556
Frame 200 valmis. KF=21, loopit=0, kartta=3345
Frame 250 valmis. KF=26, loopit=0, kartta=4333
Frame 300 valmis. KF=31, loopit=0, kartta=5140
Frame 350 valmis. KF=36, loopit=0, kartta=6048
Frame 400 valmis. KF=41, loopit=0, kartta=6892
Frame 450 valmis. KF=46, loopit=0, kartta=7575
Frame 500 valmis. KF=51, loopit=0, kartta=8140
Frame 550 valmis. KF=56, loopit=0, kartta=8887
Frame 600 valmis. KF=61, loopit=0, kartta=9523
Frame 650 valmis. KF=66, loopit=0, kartta=10570
Frame 700 valmis. KF=71, loopit=0, kartta=11763
Frame 750 valmis. KF=76, loopit=0, kartta=13039
Frame 800 valmis. KF=81, loopit=0, kartta=13957
Front-end valmis. Keyframes: 81, loop-sulkeumia: 0, PnP-epäonnistumisia: 0
[seq 03] Raw stereo VO:      final err   33.23 m, RMSE  16.96 m
[seq 03] Stereo SLAM (+PGO): final err   33.23 m, RMSE  16.96 m
Lopputulos tallennettu: /home/pekko/aalto/visual_perception_and_planning_for_autonomous_driving-EEAEV008/slam-project/results/03.png
