Aloitetaan stereo-SLAM (1101 kuvaa)...
Frame 0 valmis. KF=1, loopit=0, kartta=129
Frame 50 valmis. KF=6, loopit=0, kartta=744
Frame 100 valmis. KF=11, loopit=0, kartta=1560
Frame 150 valmis. KF=16, loopit=0, kartta=2392
Frame 200 valmis. KF=21, loopit=0, kartta=2998
Frame 250 valmis. KF=26, loopit=0, kartta=3636
Frame 300 valmis. KF=31, loopit=0, kartta=4775
Frame 350 valmis. KF=36, loopit=0, kartta=5899
Frame 400 valmis. KF=41, loopit=0, kartta=6813
Frame 450 valmis. KF=46, loopit=0, kartta=7656
Frame 500 valmis. KF=51, loopit=0, kartta=8284
Frame 550 valmis. KF=56, loopit=0, kartta=9055
Frame 600 valmis. KF=61, loopit=0, kartta=9604
Frame 650 valmis. KF=66, loopit=0, kartta=10521
Frame 700 valmis. KF=71, loopit=0, kartta=11610
Frame 750 valmis. KF=76, loopit=0, kartta=12614
Frame 800 valmis. KF=81, loopit=0, kartta=13015
Frame 850 valmis. KF=86, loopit=0, kartta=13521
Frame 900 valmis. KF=91, loopit=0, kartta=14179
Frame 950 valmis. KF=96, loopit=0, kartta=14805
Frame 1000 valmis. KF=101, loopit=0, kartta=15304
  frame 1050: LOOP KF0 <-> KF105 (inliers=76)
    PGO: cost 166.002 -> 0.001 (500 nfev)
Frame 1050 valmis. KF=106, loopit=1, kartta=15835
  frame 1060: LOOP KF0 <-> KF106 (inliers=220)
  frame 1060: LOOP KF1 <-> KF106 (inliers=167)
  frame 1060: LOOP KF2 <-> KF106 (inliers=125)
    PGO: cost 0.032 -> 0.007 (5 nfev)
  frame 1070: LOOP KF0 <-> KF107 (inliers=96)
  frame 1070: LOOP KF1 <-> KF107 (inliers=123)
  frame 1070: LOOP KF2 <-> KF107 (inliers=88)
    PGO: cost 0.018 -> 0.012 (4 nfev)
Frame 1100 valmis. KF=111, loopit=7, kartta=16416
Front-end valmis. Keyframes: 111, loop-sulkeumia: 7, PnP-epäonnistumisia: 0
[seq 07] trajectory saved: /home/pekko/aalto/visual_perception_and_planning_for_autonomous_driving-EEAEV008/slam-project/results/07.txt
[seq 07] Raw stereo VO:      final err   17.58 m, RMSE  13.95 m
[seq 07] Stereo SLAM (+PGO): final err    0.36 m, RMSE   4.14 m
[seq 07] KITTI raw VO:       t_err   3.21 %,  r_err 18.774 deg/km (317 segs)
[seq 07] KITTI SLAM (+PGO):  t_err   1.73 %,  r_err 14.947 deg/km (317 segs)
[seq 07] KITTI per-length (SLAM):
[seq 07]   L= 100 m: t_err   2.32 %,  r_err 24.778 deg/km
[seq 07]   L= 200 m: t_err   2.33 %,  r_err 15.548 deg/km
[seq 07]   L= 300 m: t_err   1.41 %,  r_err 10.184 deg/km
[seq 07]   L= 400 m: t_err   1.07 %,  r_err  8.483 deg/km
[seq 07]   L= 500 m: t_err   0.74 %,  r_err  8.015 deg/km
[seq 07]   L= 600 m: t_err   0.37 %,  r_err  5.902 deg/km
Lopputulos tallennettu: /home/pekko/aalto/visual_perception_and_planning_for_autonomous_driving-EEAEV008/slam-project/results/07.png
